// Jest Snapshot v1, https://goo.gl/fbAQLP

exports[`TemplatesService createManifestFile: happy path 1`] = `
"region: ap-southeast-2
version: 2021-03-15
resources:
  - name: cfn-provisioning-ap-southeast-2
    description: stack set for cfn-provisioning
    regions:
      - ap-southeast-2
    deployment_targets:
      accounts:
        - cdf-one
    deploy_method: stack_set
    resource_file: https://cdf-organization-manager-xxxx-artifacts-ap-southeast-2.s3.ap-southeast-2.amazonaws.com/cfn-provisioning-output.yml
    parameters: []
  - name: cfn-device-monitor-ap-southeast-2
    description: stack set for cfn-device-monitor
    regions:
      - ap-southeast-2
    deployment_targets:
      accounts:
        - cdf-one
    deploy_method: stack_set
    resource_file: s3://somebucket/somezipfile.zip
    parameters:
      - parameter_key: environment
        parameter_value: production
  - name: cfn-provisioning-ap-southeast-1
    description: stack set for cfn-provisioning
    regions:
      - ap-southeast-1
    deployment_targets:
      accounts:
        - cdf-two
    deploy_method: stack_set
    resource_file: https://cdf-organization-manager-xxxx-artifacts-ap-southeast-2.s3.ap-southeast-2.amazonaws.com/cfn-provisioning-output.yml
    parameters: []
  - name: cfn-device-monitor-ap-southeast-1
    description: stack set for cfn-device-monitor
    regions:
      - ap-southeast-1
    deployment_targets:
      accounts:
        - cdf-two
    deploy_method: stack_set
    resource_file: s3://somebucket/somezipfile.zip
    parameters:
      - parameter_key: environment
        parameter_value: production
  - name: cfn-provisioning-us-west-1-us-west-2
    description: stack set for cfn-provisioning
    regions:
      - us-west-1
      - us-west-2
    deployment_targets:
      accounts:
        - cdf-three
        - cdf-four
    deploy_method: stack_set
    resource_file: https://cdf-organization-manager-xxxx-artifacts-ap-southeast-2.s3.ap-southeast-2.amazonaws.com/cfn-provisioning-output.yml
    parameters: []
  - name: cfn-device-monitor-us-west-1-us-west-2
    description: stack set for cfn-device-monitor
    regions:
      - us-west-1
      - us-west-2
    deployment_targets:
      accounts:
        - cdf-three
        - cdf-four
    deploy_method: stack_set
    resource_file: s3://somebucket/somezipfile.zip
    parameters:
      - parameter_key: environment
        parameter_value: production
"
`;
